--- file handle 4 = texput.log
--- file handle 3 = /usr/local/texlive/2026/texmf-var/web2c/pdftex/pdflatex.fmt
--- stdin bytes not read: 0
--- clock readings used: 2 of 8
--- handle 1 (777 bytes)
This is pdfTeX, Version 3.141592653-2.6-1.40.29 (TeX Live 2026) (INITEX)
 restricted \write18 enabled.
**entering extended mode
LaTeX2e <2026-06-01>
L3 programming layer <2026-08-10>

*
*
*
*
*
*
*
*
*
*
*
*
*
*
*
*
*
*
*
*
*
*
*
*
*
*
*
*
*
*
*
*
*
*
*
*
*
*
*
*
*
*
*
*
*
*
*
*
*
*
*
*
*
*
*
*
*
*
*
*
*
*
*
*
*
*
*
*
*
*
*
*
*
*
*
*
*
*
*
*
*
*
*
*
*
*
*
*
*
*
*
*
*
*
*
*
*
*
*
*
*
*
*
*
*
*
*
*
*
*
*
*
*
*
*
*
*
*
*
*
*
*
*
*
*
*
*
*
*
*
*
*
*
*
*
*
*
*
*
*
*
*
*
*
*
*
*
*
*
*
*
*
*
*
*
*
*
*
*
*
*
*
*
*
*
*
*
*
*
*
*
*
*
*
*
*
*
*
*
*
*
*
*
*
*
*
*
*
*
*
*
*
*
*
*
*
*
*
*
*
*
*
*
*
*
*
*
*
*
*
*
*
*
*
*
*
*
*
*
*
*
*
*
*
*
*
*
*
*
*
*
*
*
*
*
*
*
*
*
*
*
*
*
*
*
*
*
*
*
*
*
*
*
*
*
*
*
*
*
*
*
*
*
*
*
*
*
*
*
*No pages of output.
Transcript written on texput.log.

--- handle 4 (78259 bytes)
(longer than 65536 bytes: not printed; see PS_DUMPDIR)
RESULT: exit 0
TIME: 68.38 s
