alig rc=0
bat1 rc=1
box1 rc=1
box2 rc=1
buf1 rc=0
buf2 rc=1
cat1 rc=0
chr2 rc=0
chr3 rc=0
clk-2038 rc=0
clk-elapsed rc=0
clk-exhaust rc=97
clk-reset rc=0
clk-seed rc=0
cnt1 rc=1
cnt2 rc=1
cnt3 rc=0
cnt4 rc=0
cnt5 rc=0
cnt6 rc=1
crlf rc=1
csn rc=1
deep20000 rc=1
deep28000 rc=1
deep5000 rc=1
def1 rc=1
dim1 rc=0
dim2 rc=1
dim3 rc=0
dim4 rc=1
dump1 rc=0
e100 rc=1
e101 rc=0
e102 rc=1
e103 rc=1
e104 rc=0
e105 rc=1
e106 rc=1
e107 rc=1
e108 rc=1
e109 rc=0
e110 rc=0
e111 rc=1
e112 rc=1
e113 rc=1
e114 rc=0
e115 rc=1
e116 rc=1
e117 rc=0
e118 rc=1
e119 rc=1
e120 rc=1
e121 rc=0
e122 rc=1
e123 rc=0
edef rc=1
empty rc=1
env-fsd-empty rc=0
env-fsd-unset rc=0
env-fsd01 rc=0
env-sde-2pow55 rc=0
env-sde-bad rc=1
env-sde-empty rc=0
env-sde-huge rc=1
env-sde-neg rc=0
env-sde-plus rc=0
env-sde-space rc=0
env-sde-unset rc=0
env-sde-zero rc=0
eol1 rc=0
err1 rc=1
err2 rc=1
err3 rc=1
err4 rc=1
etx1 rc=1
expr2 rc=1
expr3 rc=1
font1 rc=0
g0 rc=1
g1 rc=1
g10 rc=1
g11 rc=1
g12 rc=1
g13 rc=1
g14 rc=1
g15 rc=1
g2 rc=1
g3 rc=1
g4 rc=1
g5 rc=1
g6 rc=1
g7 rc=0
g8 rc=1
g9 rc=1
grp1 rc=1
grp2 rc=1
hi1 rc=1
hsh rc=0
ifs1 rc=1
inp1 rc=1
inter rc=1
inter2 rc=1
inter3 rc=1
kpse-atoi-prefix rc=1
kpse-atoi-space rc=1
kpse-huge rc=1
kpse-neg rc=1
last1 rc=1
lead1 rc=0
long1 rc=0
lost1 rc=1
mth1 rc=1
nst1 rc=1
num2 rc=1
nxpy rc=1
outp rc=1
par1 rc=1
part1 rc=1
pat1 rc=0
pdf1 rc=0
pnlt rc=0
prim1 rc=1
prim2 rc=1
prim3 rc=1
read1 rc=1
read2 rc=1
rnd1 rc=0
rnd2 rc=0
rnd3 rc=0
rnd4 rc=0
rnd5 rc=0
rnd6 rc=0
rom1 rc=0
romn rc=0
runaw2 rc=1
runaway rc=1
save1 rc=1
scr1 rc=1
sct1 rc=1
ship1 rc=0
show1 rc=1
shw2 rc=1
skp1 rc=1
str1 rc=0
t0 rc=1
t200 rc=1
t201 rc=1
t202 rc=0
t203 rc=0
t204 rc=0
t205 rc=139
t206 rc=0
t207 rc=0
t208 rc=139
t209 rc=0
t210 rc=0
t211 rc=1
tim1 rc=1
trc1 rc=1
ucl rc=0
vspl rc=1
wr1 rc=0
xetx1 rc=1
xexpr2 rc=1
xexpr3 rc=1
xifs1 rc=0
xlr rc=1
xnx rc=1
xovn rc=0
xpart1 rc=1
xprim2 rc=1
xprim3 rc=0
xrl rc=1
xsav rc=0
xsct1 rc=1
xshw2 rc=1
xtrc1 rc=0
xxovn rc=0
run_bin.zsh rc=0
