This is pdfTeX, Version 3.141592653-2.6-1.40.29 (TeX Live 2026) (preloaded format=pdftex 2026.8.30)  30 AUG 2026 07:51
entering extended mode
 restricted \write18 enabled.
 %&-line parsing enabled.
**nh-strings.tex
(./nh-strings.tex
[01:s=\001:n=#01:h=01:c=-1-1-1:m=55A54008AD1BA589AA210D2629C1DF41]
[02:s=\002:n=#02:h=02:c=-1-1-1:m=9E688C58A5487B8EAF69C9E1005AD0BF]
[03:s=\003:n=#03:h=03:c=-1-1-1:m=8666683506AACD900BBD5A74AC4EDF68]
[04:s=\004:n=#04:h=04:c=-1-1-1:m=EC7F7E7BB43742CE868145F71D37B53C]
[05:s=\005:n=#05:h=05:c=-1-1-1:m=8BB6C17838643F9691CC6A4DE6C51709]
[06:s=\006:n=#06:h=06:c=-1-1-1:m=06ECA1B437C7904CC3CE6546C8110110]
[07:s=\007:n=#07:h=07:c=-1-1-1:m=89E74E640B8C46257A29DE0616794D5D]
[08:s=\010:n=#08:h=08:c=-1-1-1:m=E2BA905BF306F46FACA223D3CB20E2CF]
[09:s=\011:n=#09:h=09:c=-1-1-1:m=5E732A1878BE2342DBFEFF5FE3CA5AA3]
[0A:s=\012:n=#0A:h=0A:c=-1-1-1:m=68B329DA9893E34099C7D8AD5CB9C940]
[0B:s=\013:n=#0B:h=0B:c=-1-1-1:m=13C8FFD977013703A701CF8E11DEAC65]
[0C:s=\014:n=#0C:h=0C:c=-1-1-1:m=58C89562F58FD276F592420068DB8C09]
[0D:s=\015:n=#0D:h=0D:c=-1-1-1:m=DCB9BE2F604E5DF91DEB9659BED4748D]
[0E:s=\016:n=#0E:h=0E:c=-1-1-1:m=4DEDB2240A1E0F038DCDC8B3DE92264C]
[0F:s=\017:n=#0F:h=0F:c=-1-1-1:m=D838691E5D4AD06879CA721442E883D4]
[10:s=\020:n=#10:h=10:c=-1-1-1:m=6B31BDFA7F9BFECE263381FFA91BD6A9]
[11:s=\021:n=#11:h=11:c=-1-1-1:m=47ED733B8D10BE225ECEBA344D533586]
[12:s=\022:n=#12:h=12:c=-1-1-1:m=A8445619ABD08F3BA0EBFCB31183F7F9]
[13:s=\023:n=#13:h=13:c=-1-1-1:m=FFE51D3E7D8297237588704EEDDC6AB2]
[14:s=\024:n=#14:h=14:c=-1-1-1:m=15F41A2E96BAE341DDE485BB0E78F485]
[15:s=\025:n=#15:h=15:c=-1-1-1:m=F5A7E477CD3042B49A9085D62307CD28]
[16:s=\026:n=#16:h=16:c=-1-1-1:m=BF6D6C819EC975B043AEC502167C3D15]
[17:s=\027:n=#17:h=17:c=-1-1-1:m=84FF14FA45BE3CA4739E7C027717A541]
[18:s=\030:n=#18:h=18:c=-1-1-1:m=CBA81ACD53FD7719F0AA9495935A872B]
[19:s=\031:n=#19:h=19:c=-1-1-1:m=E5EA7FB51FF27A20C3F622DF66B9ACDC]
[1A:s=\032:n=#1A:h=1A:c=-1-1-1:m=BEBE43A13D6320B4C6751958BF5398A7]
[1B:s=\033:n=#1B:h=1B:c=-1-1-1:m=F616C83F2F0F188265C7004D81D45723]
[1C:s=\034:n=#1C:h=1C:c=-1-1-1:m=0398B4090F24ADBCCC218219F5746B10]
[1D:s=\035:n=#1D:h=1D:c=-1-1-1:m=EB259EDBAA608EB2208046619B484668]
[1E:s=\036:n=#1E:h=1E:c=-1-1-1:m=7BC72A0767D237BE4DA30ACE191ACDC2]
[1F:s=\037:n=#1F:h=1F:c=-1-1-1:m=AD1E41CEBD43E64AF1A28D4D70DC9E30]
[20:s=\040:n=#20:h=20:c=-1-1-1:m=7215EE9C7D9DC229D2921A40E899EC5F]
[21:s=!:n=!:h=21:c=-1-1-1:m=9033E0E305F247C0C3C80D0C7848C8B3]
[22:s=":n=":h=22:c=-1-1-1:m=B15835F133FF2E27C7CB28117BFAE8F4]
[23:s=#:n=#23:h=23:c=-1-1-1:m=01ABFC750A0C942167651C40D088531D]
[24:s=$:n=$:h=24:c=-1-1-1:m=C3E97DD6E97FB5125688C97F36720CBE]
[25:s=%:n=#25:h=25:c=-1-1-1:m=0BCEF9C45BD8A48EDA1B26EB0C61C869]
[26:s=&:n=&:h=26:c=-1-1-1:m=6CFF047854F19AC2AA52AAC51BF3AF4A]
[27:s=':n=':h=27:c=-1-1-1:m=3590CB8AF0BBB9E78C343B52B93773C9]
[28:s=\(:n=#28:h=28:c=-1-1-1:m=84C40473414CAF2ED4A7B1283E48BBF4]
[29:s=\):n=#29:h=29:c=-1-1-1:m=9371D7A2E3AE86A00AAB4771E39D255D]
[2A:s=*:n=*:h=2A:c=-1-1-1:m=3389DAE361AF79B04C9C8E7057F60CC6]
[2B:s=+:n=+:h=2B:c=-1-1-1:m=26B17225B626FB9238849FD60EABDF60]
[2C:s=,:n=,:h=2C:c=-1-1-1:m=C0CB5F0FCF239AB3D9C1FCD31FFF1EFC]
[2D:s=-:n=-:h=2D:c=-1-1-1:m=336D5EBC5436534E61D16E63DDFCA327]
[2E:s=.:n=.:h=2E:c=-1-1-1:m=5058F1AF8388633F609CADB75A75DC9D]
[2F:s=/:n=#2F:h=2F:c=-1-1-1:m=6666CD76F96956469E7BE39D750CC7D9]
[30:s=0:n=0:h=30:c=-1-1-1:m=CFCD208495D565EF66E7DFF9F98764DA]
[31:s=1:n=1:h=31:c=-1-1-1:m=C4CA4238A0B923820DCC509A6F75849B]
[32:s=2:n=2:h=32:c=-1-1-1:m=C81E728D9D4C2F636F067F89CC14862C]
[33:s=3:n=3:h=33:c=-1-1-1:m=ECCBC87E4B5CE2FE28308FD9F2A7BAF3]
[34:s=4:n=4:h=34:c=-1-1-1:m=A87FF679A2F3E71D9181A67B7542122C]
[35:s=5:n=5:h=35:c=-1-1-1:m=E4DA3B7FBBCE2345D7772B0674A318D5]
[36:s=6:n=6:h=36:c=-1-1-1:m=1679091C5A880FAF6FB5E6087EB1B2DC]
[37:s=7:n=7:h=37:c=-1-1-1:m=8F14E45FCEEA167A5A36DEDD4BEA2543]
[38:s=8:n=8:h=38:c=-1-1-1:m=C9F0F895FB98AB9159F51FD0297E236D]
[39:s=9:n=9:h=39:c=-1-1-1:m=45C48CCE2E2D7FBDEA1AFC51C7C6AD26]
[3A:s=::n=::h=3A:c=-1-1-1:m=853AE90F0351324BD73EA615E6487517]
[3B:s=;:n=;:h=3B:c=-1-1-1:m=9EECB7DB59D16C80417C72D1E1F4FBF1]
[3C:s=<:n=#3C:h=3C:c=-1-1-1:m=524A50782178998021A88B8CD4C8DCD8]
[3D:s==:n==:h=3D:c=-1-1-1:m=43EC3E5DEE6E706AF7766FFFEA512721]
[3E:s=>:n=#3E:h=3E:c=-1-1-1:m=CEDF8DA05466BB54708268B3C694A78F]
[3F:s=?:n=?:h=3F:c=-1-1-1:m=D1457B72C3FB323A2671125AEF3EAB5D]
[40:s=@:n=@:h=40:c=-1-1-1:m=518ED29525738CEBDAC49C49E60EA9D3]
[41:s=A:n=A:h=41:c=0-1-1:m=7FC56270E7A70FA81A5935B72EACBE29]
[42:s=B:n=B:h=42:c=1-1-1:m=9D5ED678FE57BCCA610140957AFAB571]
[43:s=C:n=C:h=43:c=1-1-1:m=0D61F8370CAD1D412F80B84D143E1257]
[44:s=D:n=D:h=44:c=1-1-1:m=F623E75AF30E62BBD73D6DF5B50BB7B5]
[45:s=E:n=E:h=45:c=1-1-1:m=3A3EA00CFC35332CEDF6E5E9A32E94DA]
[46:s=F:n=F:h=46:c=1-1-1:m=800618943025315F869E4E1F09471012]
[47:s=G:n=G:h=47:c=1-1-1:m=DFCF28D0734569A6A693BC8194DE62BF]
[48:s=H:n=H:h=48:c=1-1-1:m=C1D9F50F86825A1A2302EC2449C17196]
[49:s=I:n=I:h=49:c=1-1-1:m=DD7536794B63BF90ECCFD37F9B147D7F]
[4A:s=J:n=J:h=4A:c=1-1-1:m=FF44570ACA8241914870AFBC310CDB85]
[4B:s=K:n=K:h=4B:c=1-1-1:m=A5F3C6A11B03839D46AF9FB43C97C188]
[4C:s=L:n=L:h=4C:c=1-1-1:m=D20CAEC3B48A1EEF164CB4CA81BA2587]
[4D:s=M:n=M:h=4D:c=1-1-1:m=69691C7BDCC3CE6D5D8A1361F22D04AC]
[4E:s=N:n=N:h=4E:c=1-1-1:m=8D9C307CB7F3C4A32822A51922D1CEAA]
[4F:s=O:n=O:h=4F:c=1-1-1:m=F186217753C37B9B9F958D906208506E]
[50:s=P:n=P:h=50:c=1-1-1:m=44C29EDB103A2872F519AD0C9A0FDAAA]
[51:s=Q:n=Q:h=51:c=1-1-1:m=F09564C9CA56850D4CD6B3319E541AEE]
[52:s=R:n=R:h=52:c=1-1-1:m=E1E1D3D40573127E9EE0480CAF1283D6]
[53:s=S:n=S:h=53:c=1-1-1:m=5DBC98DCC983A70728BD082D1A47546E]
[54:s=T:n=T:h=54:c=1-1-1:m=B9ECE18C950AFBFA6B0FDBFA4FF731D3]
[55:s=U:n=U:h=55:c=1-1-1:m=4C614360DA93C0A041B22E537DE151EB]
[56:s=V:n=V:h=56:c=1-1-1:m=5206560A306A2E085A437FD258EB57CE]
[57:s=W:n=W:h=57:c=1-1-1:m=61E9C06EA9A85A5088A499DF6458D276]
[58:s=X:n=X:h=58:c=1-1-1:m=02129BB861061D1A052C592E2DC6B383]
[59:s=Y:n=Y:h=59:c=1-1-1:m=57CEC4137B614C87CB4E24A3D003A3E0]
[5A:s=Z:n=Z:h=5A:c=1-1-1:m=21C2E59531C8710156D34A3C30AC81D5]
[5B:s=[:n=#5B:h=5B:c=1-1-1:m=815417267F76F6F460A4A61F9DB75FDB]
[5C:s=\\:n=\:h=5C:c=1-1-1:m=28D397E87306B8631F3ED80D858D35F0]
[5D:s=]:n=#5D:h=5D:c=1-1-1:m=0FBD1776E1AD22C59A7080D35C7FD4DB]
[5E:s=^:n=^:h=5E:c=1-1-1:m=7E6A2AFE551E067A75FAFACF47A6D981]
[5F:s=_:n=_:h=5F:c=1-1-1:m=B14A7B8059D9C055954C92674CE60032]
[60:s=`:n=`:h=60:c=1-1-1:m=833344D5E1432DA82EF02E1301477CE8]
[61:s=a:n=a:h=61:c=1-1-1:m=0CC175B9C0F1B6A831C399E269772661]
[62:s=b:n=b:h=62:c=1-1-1:m=92EB5FFEE6AE2FEC3AD71C777531578F]
[63:s=c:n=c:h=63:c=1-1-1:m=4A8A08F09D37B73795649038408B5F33]
[64:s=d:n=d:h=64:c=1-1-1:m=8277E0910D750195B448797616E091AD]
[65:s=e:n=e:h=65:c=1-1-1:m=E1671797C52E15F763380B45E841EC32]
[66:s=f:n=f:h=66:c=1-1-1:m=8FA14CDD754F91CC6554C9E71929CCE7]
[67:s=g:n=g:h=67:c=1-1-1:m=B2F5FF47436671B6E533D8DC3614845D]
[68:s=h:n=h:h=68:c=1-1-1:m=2510C39011C5BE704182423E3A695E91]
[69:s=i:n=i:h=69:c=1-1-1:m=865C0C0B4AB0E063E5CAA3387C1A8741]
[6A:s=j:n=j:h=6A:c=1-1-1:m=363B122C528F54DF4A0446B6BAB05515]
[6B:s=k:n=k:h=6B:c=1-1-1:m=8CE4B16B22B58894AA86C421E8759DF3]
[6C:s=l:n=l:h=6C:c=1-1-1:m=2DB95E8E1A9267B7A1188556B2013B33]
[6D:s=m:n=m:h=6D:c=1-1-1:m=6F8F57715090DA2632453988D9A1501B]
[6E:s=n:n=n:h=6E:c=1-1-1:m=7B8B965AD4BCA0E41AB51DE7B31363A1]
[6F:s=o:n=o:h=6F:c=1-1-1:m=D95679752134A2D9EB61DBD7B91C4BCC]
[70:s=p:n=p:h=70:c=1-1-1:m=83878C91171338902E0FE0FB97A8C47A]
[71:s=q:n=q:h=71:c=1-1-1:m=7694F4A66316E53C8CDD9D9954BD611D]
[72:s=r:n=r:h=72:c=1-1-1:m=4B43B0AEE35624CD95B910189B3DC231]
[73:s=s:n=s:h=73:c=1-1-1:m=03C7C0ACE395D80182DB07AE2C30F034]
[74:s=t:n=t:h=74:c=1-1-1:m=E358EFA489F58062F10DD7316B65649E]
[75:s=u:n=u:h=75:c=1-1-1:m=7B774EFFE4A349C6DD82AD4F4F21D34C]
[76:s=v:n=v:h=76:c=1-1-1:m=9E3669D19B675BD57058FD4664205D2A]
[77:s=w:n=w:h=77:c=1-1-1:m=F1290186A5D0B1CEAB27F4E77C0C5D68]
[78:s=x:n=x:h=78:c=1-1-1:m=9DD4E461268C8034F5C8564E155C67A6]
[79:s=y:n=y:h=79:c=1-1-1:m=415290769594460E2E485922904F345D]
[7A:s=z:n=z:h=7A:c=1-1-1:m=FBADE9E36A3F36D3D676C1B808451DD7]
[7B:s={:n=#7B:h=7B:c=1-1-1:m=F95B70FDC3088560732A5AC135644506]
[7C:s=|:n=|:h=7C:c=1-1-1:m=B99834BC19BBAD24580B3ADFA04FB947]
[7D:s=}:n=#7D:h=7D:c=1-1-1:m=CBB184DD8E05C9709E5DCAEDAA0495CF]
[7E:s=~:n=~:h=7E:c=1-1-1:m=4C761F170E016836FF84498202B99827]
[7F:s=\177:n=#7F:h=7F:c=1-1-1:m=83ACB6E67E50E31DB6ED341DD2DE1595]
[80:s=\200:n=#80:h=80:c=10-1:m=8D39DD7EEF115EA6975446EF4082951F]
[81:s=\201:n=#81:h=81:c=11-1:m=CD25041F9F36811B04AB3015805FE816]
[82:s=\202:n=#82:h=82:c=11-1:m=592EEC8D32EB490E6919253D9CA6374D]
[83:s=\203:n=#83:h=83:c=11-1:m=05D85804DD3E689E1F1A0AAA1975FB4C]
[84:s=\204:n=#84:h=84:c=11-1:m=EC631D7335ABECD318F09F56515ED63C]
[85:s=\205:n=#85:h=85:c=11-1:m=A03920E5994202F77B9C713941B5E055]
[86:s=\206:n=#86:h=86:c=11-1:m=DCABA5D0E9EAE27873A51CB50169A46A]
[87:s=\207:n=#87:h=87:c=11-1:m=8FEC378760F1E7E708E9F57EDAFC28FC]
[88:s=\210:n=#88:h=88:c=11-1:m=76446346147D6A63180D28E0E6A6B072]
[89:s=\211:n=#89:h=89:c=11-1:m=2854272FEC044D0BDB16DE12CB62D07E]
[8A:s=\212:n=#8A:h=8A:c=11-1:m=1D948537445132EBF746BD33D5494B70]
[8B:s=\213:n=#8B:h=8B:c=11-1:m=348DD9E974848A61E8ABE2DFFCFCCE93]
[8C:s=\214:n=#8C:h=8C:c=11-1:m=97775BA09EAC63B5DCC98A94B2F779B9]
[8D:s=\215:n=#8D:h=8D:c=11-1:m=CF87DE09914066FDE46E4A24F22EA535]
[8E:s=\216:n=#8E:h=8E:c=11-1:m=F1663ABA9FFAE5338B6382A24B2E5377]
[8F:s=\217:n=#8F:h=8F:c=11-1:m=32B401960154E86D27BA06C6B9D3408C]
[90:s=\220:n=#90:h=90:c=11-1:m=BC9ABF1BE59FFCE180251D4CCE755FE2]
[91:s=\221:n=#91:h=91:c=11-1:m=40412202892318D52822E62195A65762]
[92:s=\222:n=#92:h=92:c=11-1:m=685D590A89F352D10644DD985DA2A9A1]
[93:s=\223:n=#93:h=93:c=11-1:m=5C5AA2BA6E48A0E559C149CDD4CE7A9E]
[94:s=\224:n=#94:h=94:c=11-1:m=9DA8AA9F77119C9219B103922A74E91C]
[95:s=\225:n=#95:h=95:c=11-1:m=758AA1741F4B2FD2E86CF8F2D521D5A5]
[96:s=\226:n=#96:h=96:c=11-1:m=3CC73746E4109C727B910A9D7E39F027]
[97:s=\227:n=#97:h=97:c=11-1:m=C444B580079EFB1FE408F17F029E5D35]
[98:s=\230:n=#98:h=98:c=11-1:m=4716B07CE684754B6CB0223C8AF429B1]
[99:s=\231:n=#99:h=99:c=11-1:m=6D4A60F6F35FB2CEDA4DF4FE58B2C9BE]
[9A:s=\232:n=#9A:h=9A:c=11-1:m=6D3A9BAE1722685031076AB0309425FC]
[9B:s=\233:n=#9B:h=9B:c=11-1:m=B63F46881E5FCEA4131327B20B2180FD]
[9C:s=\234:n=#9C:h=9C:c=11-1:m=73D59A7D52D329EAFC9025E3AC8C2497]
[9D:s=\235:n=#9D:h=9D:c=11-1:m=0A476D83EF9CEF4BCE7F9025522BE3B5]
[9E:s=\236:n=#9E:h=9E:c=11-1:m=CEF5C0B7CED3EEC92731BC66E4ED0B9F]
[9F:s=\237:n=#9F:h=9F:c=11-1:m=DC5ECCDCF293DB4CFAE59A97C28E7596]
[A0:s=\240:n=#A0:h=A0:c=11-1:m=9AF7C117D9DE9A06FBA7A5F1EA5FCC2D]
[A1:s=\241:n=#A1:h=A1:c=11-1:m=7387F8D447A00CFD548CF2F75738A660]
[A2:s=\242:n=#A2:h=A2:c=11-1:m=4FDFD72B8D4229FFDD7427BF5B4900E6]
[A3:s=\243:n=#A3:h=A3:c=11-1:m=D527CA074D412D9D0FFC844872C4603C]
[A4:s=\244:n=#A4:h=A4:c=11-1:m=F37C6F3896B2C85FBBD01AE32E47B43F]
[A5:s=\245:n=#A5:h=A5:c=11-1:m=AB3AF8566DDD20D7EFC9B314ABE90755]
[A6:s=\246:n=#A6:h=A6:c=11-1:m=6067A176E5ED08F37F90537B9DBE76A5]
[A7:s=\247:n=#A7:h=A7:c=11-1:m=6B2B98FEA11E51AF3043B192F719BD69]
[A8:s=\250:n=#A8:h=A8:c=11-1:m=85A46A5DE17B19AC7EB29CACCE9CBB04]
[A9:s=\251:n=#A9:h=A9:c=11-1:m=A252C2C85A9E7756D5BA5DA9949D57ED]
[AA:s=\252:n=#AA:h=AA:c=11-1:m=9FE0F7244A7DA1D3F5B3D21F9B1E1EA8]
[AB:s=\253:n=#AB:h=AB:c=11-1:m=2408AD11F9EB830DA749E2A36A29EFF7]
[AC:s=\254:n=#AC:h=AC:c=11-1:m=20A7F30FB9F8E145422B66B3D4F4DA70]
[AD:s=\255:n=#AD:h=AD:c=11-1:m=3BEB9CF0EAB8CBF2215990B4A6BDC271]
[AE:s=\256:n=#AE:h=AE:c=11-1:m=02CB3522B35E58097E5FC3E9E093D9B6]
[AF:s=\257:n=#AF:h=AF:c=11-1:m=00D9712EC5EB70807A73B8D2D6EAD90D]
[B0:s=\260:n=#B0:h=B0:c=11-1:m=EC655B6DA8B9264A7C7C5E1A70642FA7]
[B1:s=\261:n=#B1:h=B1:c=11-1:m=C668534D220BAF21CA3CC6DF5B7ED1D5]
[B2:s=\262:n=#B2:h=B2:c=11-1:m=9941AE7962F3830B2E901DD62C0A0FC9]
[B3:s=\263:n=#B3:h=B3:c=11-1:m=EC87210973D57B582945CAFC5FD5DD63]
[B4:s=\264:n=#B4:h=B4:c=11-1:m=13733A6E73C7D0238651F7507C479553]
[B5:s=\265:n=#B5:h=B5:c=11-1:m=50F0351E9C31BB1C8E188E152B958F63]
[B6:s=\266:n=#B6:h=B6:c=11-1:m=DA630C00D04BE7F24CDAAACD01CF2E30]
[B7:s=\267:n=#B7:h=B7:c=11-1:m=DAE665A67092796152B29AAC4327FE44]
[B8:s=\270:n=#B8:h=B8:c=11-1:m=6AD305F09BA92DFC5CCF32F2CE93B460]
[B9:s=\271:n=#B9:h=B9:c=11-1:m=F361E25776077789E0DB8CA985BF36C5]
[BA:s=\272:n=#BA:h=BA:c=11-1:m=6BC1AF258475EC126D1BE66E6BEE873A]
[BB:s=\273:n=#BB:h=BB:c=11-1:m=D68442A8D2CADE052324FC2AA5D7039C]
[BC:s=\274:n=#BC:h=BC:c=11-1:m=4DCDE376FBC212F73C0B00B7909FC4CF]
[BD:s=\275:n=#BD:h=BD:c=11-1:m=ABAE57CB562ECF295B4A37A76EFE61FB]
[BE:s=\276:n=#BE:h=BE:c=11-1:m=B2BB8775B7D5BF59C36C8637293A4602]
[BF:s=\277:n=#BF:h=BF:c=11-1:m=D6E4A86E03B9B1F0BBF5D9582A4AE8EF]
[C0:s=\300:n=#C0:h=C0:c=11-1:m=4843A4868714FA7589E8EF87756BCACF]
[C1:s=\301:n=#C1:h=C1:c=11-1:m=194AB396EB68EBD68D476285B476ABDA]
[C2:s=\302:n=#C2:h=C2:c=11-1:m=6465DAD1D31752BE3F3283E8F70FEEF7]
[C3:s=\303:n=#C3:h=C3:c=11-1:m=D78276F56F8EC8D4F8CCA375E4534366]
[C4:s=\304:n=#C4:h=C4:c=11-1:m=FFD0CE5D00F597AA4F0D2BB60D17B6BC]
[C5:s=\305:n=#C5:h=C5:c=11-1:m=EC1F53AA1E538B2C3B581674C6585857]
[C6:s=\306:n=#C6:h=C6:c=11-1:m=F664908B48B07E34C3472A6243F37CBF]
[C7:s=\307:n=#C7:h=C7:c=11-1:m=56DC13FD4D31F9B178831A274E6D22E2]
[C8:s=\310:n=#C8:h=C8:c=11-1:m=99E3A85D7220F86CAC89B67C9839039F]
[C9:s=\311:n=#C9:h=C9:c=11-1:m=52B016DB15C28529A2AA2F191C364DFA]
[CA:s=\312:n=#CA:h=CA:c=11-1:m=CEB1E7DB7DF6A7005FB5B80BA6E370FE]
[CB:s=\313:n=#CB:h=CB:c=11-1:m=ADF8DB9586D0065D236CB8BF50BF2E5F]
[CC:s=\314:n=#CC:h=CC:c=11-1:m=A2E970F170961CE879190D64982C94EC]
[CD:s=\315:n=#CD:h=CD:c=11-1:m=E6CF2AA82FA371B686171ECD6A734E5D]
[CE:s=\316:n=#CE:h=CE:c=11-1:m=BDA95B04F2968764A28200E468C77A17]
[CF:s=\317:n=#CF:h=CF:c=11-1:m=5512D87499F548888C6B311048B10746]
[D0:s=\320:n=#D0:h=D0:c=11-1:m=8F2C5A5565C714EB71194C1D0B914D97]
[D1:s=\321:n=#D1:h=D1:c=11-1:m=AD1E5495494F1768003E1D19EED9D7F5]
[D2:s=\322:n=#D2:h=D2:c=11-1:m=6BAF106D71ED92D651ACFB2F871DF4A7]
[D3:s=\323:n=#D3:h=D3:c=11-1:m=7A3F40989A178E0836E1B2FFE7E2F0FC]
[D4:s=\324:n=#D4:h=D4:c=11-1:m=994A2D2077EB07ACDEB7226D972B2E47]
[D5:s=\325:n=#D5:h=D5:c=11-1:m=D1A3D501C8B9EC199A2E4C93F8BA438D]
[D6:s=\326:n=#D6:h=D6:c=11-1:m=735E75A2CB5EF610F0AEB7495975377D]
[D7:s=\327:n=#D7:h=D7:c=11-1:m=7C0B8029C8BCEBE338B92CEB504F912A]
[D8:s=\330:n=#D8:h=D8:c=11-1:m=0C78AEF83F66ABC1FA1E8477F296D394]
[D9:s=\331:n=#D9:h=D9:c=11-1:m=AE6ED41F37D5A0CDAECB6BE8117E3125]
[DA:s=\332:n=#DA:h=DA:c=11-1:m=67C315F6145BA74CEEB6E5DD0CD1B962]
[DB:s=\333:n=#DB:h=DB:c=11-1:m=98FD00D788AFE2A5FA5E4F8E1666638B]
[DC:s=\334:n=#DC:h=DC:c=11-1:m=B96A24BE7C40DC85F976C0F866B2CD3B]
[DD:s=\335:n=#DD:h=DD:c=11-1:m=315367FD7B05A9B797A1B08F4D4CDFBA]
[DE:s=\336:n=#DE:h=DE:c=11-1:m=AFB990CBF2D0E0A9AE75BA2F2F3BB013]
[DF:s=\337:n=#DF:h=DF:c=11-1:m=A26785922B3516FE627BAB9726C66E43]
[E0:s=\340:n=#E0:h=E0:c=11-1:m=EC2D11028766E06AC33648E2F0A67320]
[E1:s=\341:n=#E1:h=E1:c=11-1:m=2EECE4376CEE1433D0E9F200DEB75408]
[E2:s=\342:n=#E2:h=E2:c=11-1:m=D81FD9B26FD0E89A61B65229AAC286E5]
[E3:s=\343:n=#E3:h=E3:c=11-1:m=69B7A7308EE1B065AA308E63C44AE0F3]
[E4:s=\344:n=#E4:h=E4:c=11-1:m=C15BCC5577F9FADE4B4A3256190A59B0]
[E5:s=\345:n=#E5:h=E5:c=11-1:m=73203361CC9BED582F2D0EAEA099CB38]
[E6:s=\346:n=#E6:h=E6:c=11-1:m=31551A3AE59F0596D967B3F757662894]
[E7:s=\347:n=#E7:h=E7:c=11-1:m=9D5A273E0FB6AEBCA825009EE2363E2C]
[E8:s=\350:n=#E8:h=E8:c=11-1:m=785D512BE4316D578E6650613B45E934]
[E9:s=\351:n=#E9:h=E9:c=11-1:m=3406877694691DDD1DFB0ACA54681407]
[EA:s=\352:n=#EA:h=EA:c=11-1:m=86277F690350A08D08055CBDDA225E0A]
[EB:s=\353:n=#EB:h=EB:c=11-1:m=AB95F1FA7DA6A90274409B89562F3FFD]
[EC:s=\354:n=#EC:h=EC:c=11-1:m=167B86F21DF376C96F10A0615B14200B]
[ED:s=\355:n=#ED:h=ED:c=11-1:m=26FC1F29BD4599F5F29200B6CA083531]
[EE:s=\356:n=#EE:h=EE:c=11-1:m=FC1262746424402278E88F6C1F02F581]
[EF:s=\357:n=#EF:h=EF:c=11-1:m=2575079E53E0605B24B1BD8DF2E2F757]
[F0:s=\360:n=#F0:h=F0:c=11-1:m=8C493A43D8C1EF798860BB02B62E8E79]
[F1:s=\361:n=#F1:h=F1:c=11-1:m=EDB907361219FB8D50279EABAB0B83B1]
[F2:s=\362:n=#F2:h=F2:c=11-1:m=7A9405D459C2A928B12952E276F9A8F5]
[F3:s=\363:n=#F3:h=F3:c=11-1:m=6334C2AE05C2421C687F516772B817DA]
[F4:s=\364:n=#F4:h=F4:c=11-1:m=97A6DD4C45B23DB9C5D603CE161B8CAB]
[F5:s=\365:n=#F5:h=F5:c=11-1:m=ADE7A0DCF4DDC0673ED48B70A4A340D6]
[F6:s=\366:n=#F6:h=F6:c=11-1:m=44F2C50B838F92970D2C11E2FA98BC7D]
[F7:s=\367:n=#F7:h=F7:c=11-1:m=1932A6849C6F575CA360266CC3F9A466]
[F8:s=\370:n=#F8:h=F8:c=11-1:m=31741635B41D535098241FEA03C1E47F]
[F9:s=\371:n=#F9:h=F9:c=11-1:m=89DEFC50A70EA5617C2D4BBFE0CA5CDE]
[FA:s=\372:n=#FA:h=FA:c=11-1:m=8901CFEADAA3DA45D4AF4C402EFB4D4E]
[FB:s=\373:n=#FB:h=FB:c=11-1:m=EA8FD1AAFD5A330977A2E12E6FF986D5]
[FC:s=\374:n=#FC:h=FC:c=11-1:m=CF0EECE3A23B680F6266A21AABBA4D32]
[FD:s=\375:n=#FD:h=FD:c=11-1:m=DA564F38413A243E30E8C8C07FCCC5D8]
[FE:s=\376:n=#FE:h=FE:c=11-1:m=403AE091D3BE6ACF1181148527F1E0AE]
[FF:s=\377:n=#FF:h=FF:c=110:m=00594FD4F42BA43FC1CA0427A0576295] [1] )
Output written on nh-strings.pdf (1 page, 899 bytes).
PDF statistics:
 8 PDF objects out of 1000 (max. 8388607)
 4 compressed objects within 1 object stream
 0 named destinations out of 1000 (max. 500000)
 1 words of extra memory for PDF output out of 10000 (max. 10000000)

